src/app/dashboard/pharmacist/page.tsx(307,24): error TS2304: Cannot find name 'Check'.
